// Jest Snapshot v1, https://goo.gl/fbAQLP

exports[`AwsResources should generate the correct configuration 1`] = `
Object {
  "resource": Object {
    "aws_api_gateway_integration": Object {
      "CustomKey-": Object {
        "authorization": "NONE",
        "http_method": "GET",
        "resource_id": "\${aws_api_gateway_resource.CustomKey-.id}",
        "rest_api_id": "\${aws_api_gateway_rest_api.CustomKey.id}",
      },
      "CustomKey-blog": Object {
        "authorization": "NONE",
        "http_method": "GET",
        "request_parameters": Object {
          "method.request.querystring.hideComments": false,
          "method.request.querystring.page": true,
        },
        "resource_id": "\${aws_api_gateway_resource.CustomKey-blog.id}",
        "rest_api_id": "\${aws_api_gateway_rest_api.CustomKey.id}",
      },
      "CustomKey-blog-detail": Object {
        "authorization": "NONE",
        "http_method": "GET",
        "request_parameters": Object {
          "method.request.path.url": true,
          "method.request.querystring.hideComments": false,
          "method.request.querystring.page": true,
        },
        "resource_id": "\${aws_api_gateway_resource.CustomKey-blog-detail.id}",
        "rest_api_id": "\${aws_api_gateway_rest_api.CustomKey.id}",
      },
    },
    "aws_api_gateway_method": Object {
      "CustomKey-": Object {
        "authorization": "NONE",
        "http_method": "GET",
        "resource_id": "\${aws_api_gateway_resource.CustomKey-.id}",
        "rest_api_id": "\${aws_api_gateway_rest_api.CustomKey.id}",
      },
      "CustomKey-blog": Object {
        "authorization": "NONE",
        "http_method": "GET",
        "request_parameters": Object {
          "method.request.querystring.hideComments": false,
          "method.request.querystring.page": true,
        },
        "resource_id": "\${aws_api_gateway_resource.CustomKey-blog.id}",
        "rest_api_id": "\${aws_api_gateway_rest_api.CustomKey.id}",
      },
      "CustomKey-blog-detail": Object {
        "authorization": "NONE",
        "http_method": "GET",
        "request_parameters": Object {
          "method.request.path.url": true,
          "method.request.querystring.hideComments": false,
          "method.request.querystring.page": true,
        },
        "resource_id": "\${aws_api_gateway_resource.CustomKey-blog-detail.id}",
        "rest_api_id": "\${aws_api_gateway_rest_api.CustomKey.id}",
      },
    },
    "aws_api_gateway_resource": Object {
      "CustomKey-": Object {
        "parent_id": "\${aws_api_gateway_rest_api.CustomKey.root_resource_id}",
        "path_part": "index",
        "rest_api_id": "\${aws_api_gateway_rest_api.CustomKey.id}",
      },
      "CustomKey-blog": Object {
        "parent_id": "\${aws_api_gateway_resource.blog.id}",
        "path_part": "detail",
        "rest_api_id": "\${aws_api_gateway_rest_api.CustomKey.id}",
      },
      "CustomKey-blog-detail": Object {
        "parent_id": "\${aws_api_gateway_resource.blog-detail.id}",
        "path_part": "{url}",
        "rest_api_id": "\${aws_api_gateway_rest_api.CustomKey.id}",
      },
    },
  },
  "variable": Object {
    "integrationList": Object {
      "default": Array [
        "aws_api_gateway_integration.CustomKey-",
        "aws_api_gateway_integration.CustomKey-blog",
        "aws_api_gateway_integration.CustomKey-blog-detail",
      ],
    },
  },
}
`;
